******************************************************************************
                  TI ARM Linker PC v18.12.2                    
******************************************************************************
>> Linked Wed Oct  2 23:07:16 2019

OUTPUT FILE NAME:   <ARM_Application.out>
ENTRY POINT SYMBOL: "_c_int00_noargs"  address: 00001619


MEMORY CONFIGURATION

         name            origin    length      used     unused   attr    fill
----------------------  --------  ---------  --------  --------  ----  --------
  FLASH                 00000000   00040000  000016c2  0003e93e  R  X
  SRAM                  20000000   00008000  000002c0  00007d40  RW X


SEGMENT ALLOCATION MAP

run origin  load origin   length   init length attrs members
----------  ----------- ---------- ----------- ----- -------
00000000    00000000    000016c8   000016c8    r-x
  00000000    00000000    0000026c   0000026c    r-- .intvecs
  0000026c    0000026c    0000141e   0000141e    r-x .text
  00001690    00001690    00000038   00000038    r-- .cinit
20000000    20000000    000002c0   00000000    rw-
  20000000    20000000    00000200   00000000    rw- .stack
  20000200    20000200    000000a8   00000000    rw- .bss
  200002a8    200002a8    00000018   00000000    rw- .data


SECTION ALLOCATION MAP

 output                                  attributes/
section   page    origin      length       input sections
--------  ----  ----------  ----------   ----------------
.intvecs   0    00000000    0000026c     
                  00000000    0000026c     tm4c123gh6pm_startup_ccs.obj (.intvecs)

.text      0    0000026c    0000141e     
                  0000026c    00000700     GPIO.obj (.text)
                  0000096c    0000030c     OS.obj (.text)
                  00000c78    00000260     LCD.obj (.text)
                  00000ed8    00000184     UART.obj (.text)
                  0000105c    0000016c     I2C.obj (.text)
                  000011c8    0000010c     main.obj (.text)
                  000012d4    000000ac     Timer.obj (.text)
                  00001380    000000a8     PWM.obj (.text)
                  00001428    000000a8     clock.obj (.text)
                  000014d0    0000009c     rtsv7M4_T_le_v4SPD16_eabi.lib : memcpy_t2.asm.obj (.text)
                  0000156c    00000068                                   : copy_decompress_lzss.c.obj (.text:decompress:lzss:__TI_decompress_lzss)
                  000015d4    00000044                                   : autoinit.c.obj (.text:__TI_auto_init_nobinit_nopinit:__TI_auto_init_nobinit_nopinit)
                  00001618    00000034                                   : boot_cortex_m.c.obj (.text:_c_int00_noargs:_c_int00_noargs)
                  0000164c    0000001c                                   : copy_zero_init.c.obj (.text:decompress:ZI:__TI_zero_init_nomemset:__TI_zero_init_nomemset)
                  00001668    0000000e                                   : copy_decompress_none.c.obj (.text:decompress:none:__TI_decompress_none)
                  00001676    0000000c     tm4c123gh6pm_startup_ccs.obj (.text)
                  00001682    00000004     rtsv7M4_T_le_v4SPD16_eabi.lib : pre_init.c.obj (.text:_system_pre_init)
                  00001686    00000004                                   : exit.c.obj (.text:abort:abort)

.cinit     0    00001690    00000038     
                  00001690    00000014     (.cinit..data.load) [load image, compression = lzss]
                  000016a4    0000000c     (__TI_handler_table)
                  000016b0    00000008     (.cinit..bss.load) [load image, compression = zero_init]
                  000016b8    00000010     (__TI_cinit_table)

.init_array 
*          0    00000000    00000000     UNINITIALIZED

.bss       0    20000200    000000a8     UNINITIALIZED
                  20000200    00000064     UART.obj (.bss:RxBuffer)
                  20000264    00000004     --HOLE--
                  20000268    00000040     (.common:Str_Array_Tasks)

.data      0    200002a8    00000018     UNINITIALIZED
                  200002a8    00000010     OS.obj (.data)
                  200002b8    00000003     clock_conf.obj (.data:clock_data)
                  200002bb    00000003     main.obj (.data)
                  200002be    00000002     UART.obj (.data)

.stack     0    20000000    00000200     UNINITIALIZED
                  20000000    00000004     rtsv7M4_T_le_v4SPD16_eabi.lib : boot_cortex_m.c.obj (.stack)
                  20000004    000001fc     --HOLE--

MODULE SUMMARY

       Module                         code   ro data   rw data
       ------                         ----   -------   -------
    .\
       GPIO.obj                       1792   0         0      
       OS.obj                         780    0         80     
       tm4c123gh6pm_startup_ccs.obj   12     620       0      
       LCD.obj                        608    0         0      
       UART.obj                       388    0         102    
       I2C.obj                        364    0         0      
       main.obj                       268    0         3      
       Timer.obj                      172    0         0      
       PWM.obj                        168    0         0      
       clock.obj                      168    0         0      
       clock_conf.obj                 0      0         3      
    +--+------------------------------+------+---------+---------+
       Total:                         4720   620       188    
                                                              
    D:\ti\ccs\tools\compiler\ti-cgt-arm_18.12.2.LTS\lib\rtsv7M4_T_le_v4SPD16_eabi.lib
       memcpy_t2.asm.obj              156    0         0      
       copy_decompress_lzss.c.obj     104    0         0      
       autoinit.c.obj                 68     0         0      
       boot_cortex_m.c.obj            52     0         0      
       copy_zero_init.c.obj           28     0         0      
       copy_decompress_none.c.obj     14     0         0      
       exit.c.obj                     4      0         0      
       pre_init.c.obj                 4      0         0      
    +--+------------------------------+------+---------+---------+
       Total:                         430    0         0      
                                                              
       Stack:                         0      0         512    
       Linker Generated:              0      56        0      
    +--+------------------------------+------+---------+---------+
       Grand Total:                   5150   676       700    


LINKER GENERATED COPY TABLES

__TI_cinit_table @ 000016b8 records: 2, size/record: 8, table size: 16
	.data: load addr=00001690, load size=00000014 bytes, run addr=200002a8, run size=00000018 bytes, compression=lzss
	.bss: load addr=000016b0, load size=00000008 bytes, run addr=20000200, run size=000000a8 bytes, compression=zero_init


LINKER GENERATED HANDLER TABLE

__TI_handler_table @ 000016a4 records: 3, size/record: 4, table size: 12
	index: 0, handler: __TI_decompress_lzss
	index: 1, handler: __TI_decompress_none
	index: 2, handler: __TI_zero_init


GLOBAL SYMBOLS: SORTED ALPHABETICALLY BY Name 

address   name                          
-------   ----                          
00001687  C$$EXIT                       
00001429  CLOCK_Init                    
000009d1  Create_Task                   
00000a5d  Delete_Task                   
0000026d  GPIO_Init                     
00000899  GPIO_ReadPin                  
00000405  GPIO_SetPinDirection          
00000715  GPIO_WritePin                 
00001085  I2C_Init                      
00001177  I2C_receiveByte               
0000112f  I2C_sendByte                  
000010e5  I2C_sendRegAddress            
00000e45  LCD_Clear                     
00000d2b  LCD_Init                      
00000ead  LCD_displayStringRowColumn    
00000e4f  LCD_goToRowColumn             
00000d8b  LCD_sendChar                  
00000ca1  LCD_sendCommand               
00000e15  LCD_sendString                
00000c4d  OS_Deinit                     
0000096d  OS_Init                       
00000b87  OS_Long_Term                  
00000af3  OS_Run                        
00001381  PWM_Init                      
000013d9  PWM_SetDuctyCycle             
000013ed  PWM_Start                     
00001677  ResetISR                      
20000268  Str_Array_Tasks               
000012d5  TIMER0_ISR                    
000012e7  TIMER0_Init                   
00001353  TIMER0_deInit                 
000011c9  Test_GPIO                     
000011d5  Test_LCD                      
00000ed9  UART0_Init                    
00000ff3  UART0_InterruptHandler        
00000f9b  UART0_Recievechar             
00000f4b  UART0_SendChar                
00000f67  UART0_SendMsg                 
00000fab  UART0_getReceivedMsg          
20000200  __STACK_END                   
00000200  __STACK_SIZE                  
20000200  __STACK_TOP                   
000016b8  __TI_CINIT_Base               
000016c8  __TI_CINIT_Limit              
000016a4  __TI_Handler_Table_Base       
000016b0  __TI_Handler_Table_Limit      
000015d5  __TI_auto_init_nobinit_nopinit
0000156d  __TI_decompress_lzss          
00001669  __TI_decompress_none          
ffffffff  __TI_pprof_out_hndl           
ffffffff  __TI_prof_data_size           
ffffffff  __TI_prof_data_start          
00000000  __TI_static_base__            
0000164d  __TI_zero_init_nomemset       
000014d1  __aeabi_memcpy                
000014d1  __aeabi_memcpy4               
000014d1  __aeabi_memcpy8               
ffffffff  __binit__                     
ffffffff  __c_args__                    
UNDEFED   __mpu_init                    
20000000  __stack                       
00001619  _c_int00_noargs               
UNDEFED   _system_post_cinit            
00001683  _system_pre_init              
00001687  abort                         
ffffffff  binit                         
200002b8  clock_data                    
00000c79  delay                         
200002bd  flag                          
00000000  g_pfnVectors                  
200002bb  i                             
200002bc  j                             
00001237  main                          
000014d1  memcpy                        
0000105d  setRW                         


GLOBAL SYMBOLS: SORTED BY Symbol Address 

address   name                          
-------   ----                          
00000000  __TI_static_base__            
00000000  g_pfnVectors                  
00000200  __STACK_SIZE                  
0000026d  GPIO_Init                     
00000405  GPIO_SetPinDirection          
00000715  GPIO_WritePin                 
00000899  GPIO_ReadPin                  
0000096d  OS_Init                       
000009d1  Create_Task                   
00000a5d  Delete_Task                   
00000af3  OS_Run                        
00000b87  OS_Long_Term                  
00000c4d  OS_Deinit                     
00000c79  delay                         
00000ca1  LCD_sendCommand               
00000d2b  LCD_Init                      
00000d8b  LCD_sendChar                  
00000e15  LCD_sendString                
00000e45  LCD_Clear                     
00000e4f  LCD_goToRowColumn             
00000ead  LCD_displayStringRowColumn    
00000ed9  UART0_Init                    
00000f4b  UART0_SendChar                
00000f67  UART0_SendMsg                 
00000f9b  UART0_Recievechar             
00000fab  UART0_getReceivedMsg          
00000ff3  UART0_InterruptHandler        
0000105d  setRW                         
00001085  I2C_Init                      
000010e5  I2C_sendRegAddress            
0000112f  I2C_sendByte                  
00001177  I2C_receiveByte               
000011c9  Test_GPIO                     
000011d5  Test_LCD                      
00001237  main                          
000012d5  TIMER0_ISR                    
000012e7  TIMER0_Init                   
00001353  TIMER0_deInit                 
00001381  PWM_Init                      
000013d9  PWM_SetDuctyCycle             
000013ed  PWM_Start                     
00001429  CLOCK_Init                    
000014d1  __aeabi_memcpy                
000014d1  __aeabi_memcpy4               
000014d1  __aeabi_memcpy8               
000014d1  memcpy                        
0000156d  __TI_decompress_lzss          
000015d5  __TI_auto_init_nobinit_nopinit
00001619  _c_int00_noargs               
0000164d  __TI_zero_init_nomemset       
00001669  __TI_decompress_none          
00001677  ResetISR                      
00001683  _system_pre_init              
00001687  C$$EXIT                       
00001687  abort                         
000016a4  __TI_Handler_Table_Base       
000016b0  __TI_Handler_Table_Limit      
000016b8  __TI_CINIT_Base               
000016c8  __TI_CINIT_Limit              
20000000  __stack                       
20000200  __STACK_END                   
20000200  __STACK_TOP                   
20000268  Str_Array_Tasks               
200002b8  clock_data                    
200002bb  i                             
200002bc  j                             
200002bd  flag                          
ffffffff  __TI_pprof_out_hndl           
ffffffff  __TI_prof_data_size           
ffffffff  __TI_prof_data_start          
ffffffff  __binit__                     
ffffffff  __c_args__                    
ffffffff  binit                         
UNDEFED   __mpu_init                    
UNDEFED   _system_post_cinit            

[75 symbols]
